---
source: crates/atlas-runtime/tests/frontend_syntax/parser_basics.rs
expression: program
---
items:
  - Statement:
      VarDecl:
        mutable: true
        uses_deprecated_var: false
        name:
          name: x
          span:
            start: 8
            end: 9
            file: "<input>"
        type_ref:
          Named:
            - number
            - start: 11
              end: 17
              file: "<input>"
        init:
          Literal:
            - Number: 42
            - start: 20
              end: 22
              file: "<input>"
        span:
          start: 0
          end: 23
          file: "<input>"
