---
source: crates/atlas-runtime/tests/frontend_syntax/parser_errors.rs
assertion_line: 149
expression: program
---
items:
  - Function:
      name:
        name: outer
        span:
          start: 12
          end: 17
          file: "<input>"
      type_params:
        - name: T
          bound: ~
          trait_bounds: []
          span:
            start: 18
            end: 19
            file: "<input>"
      params: []
      return_type:
        Named:
          - void
          - start: 26
            end: 30
            file: "<input>"
      return_ownership: ~
      predicate: ~
      body:
        statements:
          - FunctionDecl:
              name:
                name: inner
                span:
                  start: 48
                  end: 53
                  file: "<input>"
              type_params:
                - name: E
                  bound: ~
                  trait_bounds: []
                  span:
                    start: 54
                    end: 55
                    file: "<input>"
              params:
                - name:
                    name: x
                    span:
                      start: 57
                      end: 58
                      file: "<input>"
                  type_ref:
                    Named:
                      - E
                      - start: 60
                        end: 61
                        file: "<input>"
                  ownership: ~
                  mutable: false
                  span:
                    start: 57
                    end: 61
                    file: "<input>"
              return_type:
                Named:
                  - E
                  - start: 66
                    end: 67
                    file: "<input>"
              return_ownership: ~
              predicate: ~
              body:
                statements:
                  - Return:
                      value:
                        Identifier:
                          name: x
                          span:
                            start: 93
                            end: 94
                            file: "<input>"
                      span:
                        start: 86
                        end: 95
                        file: "<input>"
                tail_expr: ~
                span:
                  start: 68
                  end: 109
                  file: "<input>"
              span:
                start: 45
                end: 109
                file: "<input>"
        tail_expr: ~
        span:
          start: 31
          end: 119
          file: "<input>"
      span:
        start: 9
        end: 119
        file: "<input>"
