---
source: crates/atlas-runtime/tests/frontend_syntax/parser_errors.rs
expression: program
---
items:
  - Function:
      name:
        name: outer
        span:
          start: 12
          end: 17
      type_params: []
      params: []
      return_type:
        Named:
          - void
          - start: 23
            end: 27
      return_ownership: ~
      predicate: ~
      body:
        statements:
          - For:
              init:
                VarDecl:
                  mutable: true
                  uses_deprecated_var: false
                  name:
                    name: i
                    span:
                      start: 55
                      end: 56
                  type_ref:
                    Named:
                      - number
                      - start: 58
                        end: 64
                  init:
                    Literal:
                      - Number: 0
                      - start: 67
                        end: 68
                  span:
                    start: 47
                    end: 69
              cond:
                Binary:
                  op: Lt
                  left:
                    Identifier:
                      name: i
                      span:
                        start: 70
                        end: 71
                  right:
                    Literal:
                      - Number: 5
                      - start: 74
                        end: 75
                  span:
                    start: 70
                    end: 75
              step:
                Increment:
                  target:
                    Name:
                      name: i
                      span:
                        start: 77
                        end: 78
                  span:
                    start: 77
                    end: 78
              body:
                statements:
                  - FunctionDecl:
                      name:
                        name: log
                        span:
                          start: 103
                          end: 106
                      type_params: []
                      params:
                        - name:
                            name: x
                            span:
                              start: 107
                              end: 108
                          type_ref:
                            Named:
                              - number
                              - start: 110
                                end: 116
                          ownership: ~
                          span:
                            start: 107
                            end: 116
                      return_type:
                        Named:
                          - void
                          - start: 121
                            end: 125
                      return_ownership: ~
                      predicate: ~
                      body:
                        statements:
                          - Expr:
                              expr:
                                Call:
                                  callee:
                                    Identifier:
                                      name: print
                                      span:
                                        start: 148
                                        end: 153
                                  args:
                                    - Call:
                                        callee:
                                          Identifier:
                                            name: str
                                            span:
                                              start: 154
                                              end: 157
                                        args:
                                          - Identifier:
                                              name: x
                                              span:
                                                start: 158
                                                end: 159
                                        span:
                                          start: 154
                                          end: 160
                                  span:
                                    start: 148
                                    end: 161
                              span:
                                start: 148
                                end: 162
                        tail_expr: ~
                        span:
                          start: 126
                          end: 180
                      span:
                        start: 100
                        end: 180
                  - Expr:
                      expr:
                        Call:
                          callee:
                            Identifier:
                              name: log
                              span:
                                start: 197
                                end: 200
                          args:
                            - Identifier:
                                name: i
                                span:
                                  start: 201
                                  end: 202
                          span:
                            start: 197
                            end: 203
                      span:
                        start: 197
                        end: 204
                tail_expr: ~
                span:
                  start: 82
                  end: 218
              span:
                start: 42
                end: 218
        tail_expr: ~
        span:
          start: 28
          end: 228
      span:
        start: 9
        end: 228
