---
source: crates/atlas-runtime/tests/frontend_syntax/parser_errors.rs
assertion_line: 157
expression: program
---
items:
  - Function:
      name:
        name: level1
        span:
          start: 12
          end: 18
          file: "<input>"
      visibility: Private
      attributes: []
      is_async: false
      type_params: []
      params: []
      return_type:
        Named:
          - number
          - start: 22
            end: 28
            file: "<input>"
      return_ownership: ~
      predicate: ~
      body:
        statements:
          - FunctionDecl:
              name:
                name: level2
                span:
                  start: 46
                  end: 52
                  file: "<input>"
              visibility: Private
              attributes: []
              is_async: false
              type_params: []
              params: []
              return_type:
                Named:
                  - number
                  - start: 56
                    end: 62
                    file: "<input>"
              return_ownership: ~
              predicate: ~
              body:
                statements:
                  - FunctionDecl:
                      name:
                        name: level3
                        span:
                          start: 84
                          end: 90
                          file: "<input>"
                      visibility: Private
                      attributes: []
                      is_async: false
                      type_params: []
                      params: []
                      return_type:
                        Named:
                          - number
                          - start: 94
                            end: 100
                            file: "<input>"
                      return_ownership: ~
                      predicate: ~
                      body:
                        statements:
                          - Return:
                              value:
                                Literal:
                                  - Number: 42
                                  - start: 130
                                    end: 132
                                    file: "<input>"
                              span:
                                start: 123
                                end: 133
                                file: "<input>"
                        tail_expr: ~
                        span:
                          start: 101
                          end: 151
                          file: "<input>"
                      span:
                        start: 81
                        end: 151
                        file: "<input>"
                  - Return:
                      value:
                        Call:
                          callee:
                            Identifier:
                              name: level3
                              span:
                                start: 175
                                end: 181
                                file: "<input>"
                          args: []
                          type_args: []
                          span:
                            start: 175
                            end: 183
                            file: "<input>"
                      span:
                        start: 168
                        end: 184
                        file: "<input>"
                tail_expr: ~
                span:
                  start: 63
                  end: 198
                  file: "<input>"
              span:
                start: 43
                end: 198
                file: "<input>"
          - Return:
              value:
                Call:
                  callee:
                    Identifier:
                      name: level2
                      span:
                        start: 218
                        end: 224
                        file: "<input>"
                  args: []
                  type_args: []
                  span:
                    start: 218
                    end: 226
                    file: "<input>"
              span:
                start: 211
                end: 227
                file: "<input>"
        tail_expr: ~
        span:
          start: 29
          end: 237
          file: "<input>"
      span:
        start: 9
        end: 237
        file: "<input>"
