---
source: crates/atlas-runtime/tests/frontend_syntax/parser_errors.rs
expression: program
---
items:
  - Function:
      name:
        name: outer
        span:
          start: 12
          end: 17
      type_params: []
      params: []
      return_type:
        Named:
          - void
          - start: 23
            end: 27
      return_ownership: ~
      predicate: ~
      body:
        statements:
          - VarDecl:
              mutable: true
              uses_deprecated_var: false
              name:
                name: i
                span:
                  start: 50
                  end: 51
              type_ref:
                Named:
                  - number
                  - start: 53
                    end: 59
              init:
                Literal:
                  - Number: 0
                  - start: 62
                    end: 63
              span:
                start: 42
                end: 64
          - While:
              cond:
                Binary:
                  op: Lt
                  left:
                    Identifier:
                      name: i
                      span:
                        start: 84
                        end: 85
                  right:
                    Literal:
                      - Number: 5
                      - start: 88
                        end: 89
                  span:
                    start: 84
                    end: 89
              body:
                statements:
                  - FunctionDecl:
                      name:
                        name: increment
                        span:
                          start: 112
                          end: 121
                      type_params: []
                      params: []
                      return_type:
                        Named:
                          - void
                          - start: 127
                            end: 131
                      return_ownership: ~
                      predicate: ~
                      body:
                        statements:
                          - Increment:
                              target:
                                Name:
                                  name: i
                                  span:
                                    start: 154
                                    end: 155
                              span:
                                start: 154
                                end: 158
                        tail_expr: ~
                        span:
                          start: 132
                          end: 176
                      span:
                        start: 109
                        end: 176
                  - Expr:
                      expr:
                        Call:
                          callee:
                            Identifier:
                              name: increment
                              span:
                                start: 193
                                end: 202
                          args: []
                          span:
                            start: 193
                            end: 204
                      span:
                        start: 193
                        end: 205
                  - Increment:
                      target:
                        Name:
                          name: i
                          span:
                            start: 222
                            end: 223
                      span:
                        start: 222
                        end: 226
                tail_expr: ~
                span:
                  start: 91
                  end: 240
              span:
                start: 77
                end: 240
        tail_expr: ~
        span:
          start: 28
          end: 250
      span:
        start: 9
        end: 250
