---
source: crates/atlas-runtime/tests/frontend_syntax/lexer.rs
assertion_line: 222
expression: diagnostics
---
- diag_version: 1
  level: error
  code: AT1003
  message: "invalid escape sequence `{sequence}`"
  file: tests/errors/invalid_escape.atl
  line: 2
  column: 12
  length: 4
  snippet: "let path = \"C:\\path\\to\\file\";"
  label: "invalid escape `\\p`"
  help:
    - "valid escape sequences: `\\n`, `\\t`, `\\r`, `\\\\`, `\\\"`, `\\0`, `\\xHH` (hex), `\\uHHHH` (unicode)"
