---
source: crates/atlas-runtime/tests/frontend_syntax/parser_basics.rs
expression: program
---
items:
  - Function:
      name:
        name: add
        span:
          start: 3
          end: 6
          file: "<input>"
      type_params: []
      params:
        - name:
            name: x
            span:
              start: 7
              end: 8
              file: "<input>"
          type_ref:
            Named:
              - number
              - start: 10
                end: 16
                file: "<input>"
          ownership: ~
          span:
            start: 7
            end: 16
            file: "<input>"
        - name:
            name: y
            span:
              start: 18
              end: 19
              file: "<input>"
          type_ref:
            Named:
              - number
              - start: 21
                end: 27
                file: "<input>"
          ownership: ~
          span:
            start: 18
            end: 27
            file: "<input>"
      return_type:
        Named:
          - number
          - start: 32
            end: 38
            file: "<input>"
      return_ownership: ~
      predicate: ~
      body:
        statements:
          - Return:
              value:
                Binary:
                  op: Add
                  left:
                    Identifier:
                      name: x
                      span:
                        start: 48
                        end: 49
                        file: "<input>"
                  right:
                    Identifier:
                      name: y
                      span:
                        start: 52
                        end: 53
                        file: "<input>"
                  span:
                    start: 48
                    end: 53
                    file: "<input>"
              span:
                start: 41
                end: 54
                file: "<input>"
        tail_expr: ~
        span:
          start: 39
          end: 56
          file: "<input>"
      span:
        start: 0
        end: 56
        file: "<input>"
