---
source: crates/atlas-runtime/tests/frontend_syntax/parser_errors.rs
expression: program
---
items:
  - Function:
      name:
        name: outer
        span:
          start: 12
          end: 17
          file: "<input>"
      type_params: []
      params: []
      return_type:
        Named:
          - void
          - start: 23
            end: 27
            file: "<input>"
      return_ownership: ~
      predicate: ~
      body:
        statements:
          - If:
              cond:
                Literal:
                  - Bool: true
                  - start: 45
                    end: 49
                    file: "<input>"
              then_block:
                statements:
                  - FunctionDecl:
                      name:
                        name: helper
                        span:
                          start: 71
                          end: 77
                          file: "<input>"
                      type_params: []
                      params: []
                      return_type:
                        Named:
                          - void
                          - start: 83
                            end: 87
                            file: "<input>"
                      return_ownership: ~
                      predicate: ~
                      body:
                        statements:
                          - Expr:
                              expr:
                                Call:
                                  callee:
                                    Identifier:
                                      name: print
                                      span:
                                        start: 110
                                        end: 115
                                        file: "<input>"
                                  args:
                                    - Literal:
                                        - String: hello
                                        - start: 116
                                          end: 123
                                          file: "<input>"
                                  span:
                                    start: 110
                                    end: 124
                                    file: "<input>"
                              span:
                                start: 110
                                end: 125
                                file: "<input>"
                        tail_expr: ~
                        span:
                          start: 88
                          end: 143
                          file: "<input>"
                      span:
                        start: 68
                        end: 143
                        file: "<input>"
                  - Expr:
                      expr:
                        Call:
                          callee:
                            Identifier:
                              name: helper
                              span:
                                start: 160
                                end: 166
                                file: "<input>"
                          args: []
                          span:
                            start: 160
                            end: 168
                            file: "<input>"
                      span:
                        start: 160
                        end: 169
                        file: "<input>"
                tail_expr: ~
                span:
                  start: 50
                  end: 183
                  file: "<input>"
              else_block: ~
              span:
                start: 42
                end: 183
                file: "<input>"
        tail_expr: ~
        span:
          start: 28
          end: 193
          file: "<input>"
      span:
        start: 9
        end: 193
        file: "<input>"
