---
source: crates/atlas-runtime/tests/frontend_syntax/parser_errors.rs
expression: program
---
items:
  - Function:
      name:
        name: outer
        span:
          start: 12
          end: 17
          file: "<input>"
      type_params: []
      params: []
      return_type:
        Named:
          - void
          - start: 23
            end: 27
            file: "<input>"
      return_ownership: ~
      predicate: ~
      body:
        statements:
          - VarDecl:
              mutable: true
              uses_deprecated_var: false
              name:
                name: i
                span:
                  start: 50
                  end: 51
                  file: "<input>"
              type_ref:
                Named:
                  - number
                  - start: 53
                    end: 59
                    file: "<input>"
              init:
                Literal:
                  - Number: 0
                  - start: 62
                    end: 63
                    file: "<input>"
              span:
                start: 42
                end: 64
                file: "<input>"
          - While:
              cond:
                Binary:
                  op: Lt
                  left:
                    Identifier:
                      name: i
                      span:
                        start: 83
                        end: 84
                        file: "<input>"
                  right:
                    Literal:
                      - Number: 5
                      - start: 87
                        end: 88
                        file: "<input>"
                  span:
                    start: 83
                    end: 88
                    file: "<input>"
              body:
                statements:
                  - FunctionDecl:
                      name:
                        name: increment
                        span:
                          start: 110
                          end: 119
                          file: "<input>"
                      type_params: []
                      params: []
                      return_type:
                        Named:
                          - void
                          - start: 125
                            end: 129
                            file: "<input>"
                      return_ownership: ~
                      predicate: ~
                      body:
                        statements:
                          - CompoundAssign:
                              target:
                                Name:
                                  name: i
                                  span:
                                    start: 152
                                    end: 153
                                    file: "<input>"
                              op: AddAssign
                              value:
                                Literal:
                                  - Number: 1
                                  - start: 157
                                    end: 158
                                    file: "<input>"
                              span:
                                start: 152
                                end: 159
                                file: "<input>"
                        tail_expr: ~
                        span:
                          start: 130
                          end: 177
                          file: "<input>"
                      span:
                        start: 107
                        end: 177
                        file: "<input>"
                  - Expr:
                      expr:
                        Call:
                          callee:
                            Identifier:
                              name: increment
                              span:
                                start: 194
                                end: 203
                                file: "<input>"
                          args: []
                          span:
                            start: 194
                            end: 205
                            file: "<input>"
                      span:
                        start: 194
                        end: 206
                        file: "<input>"
                  - CompoundAssign:
                      target:
                        Name:
                          name: i
                          span:
                            start: 223
                            end: 224
                            file: "<input>"
                      op: AddAssign
                      value:
                        Literal:
                          - Number: 1
                          - start: 228
                            end: 229
                            file: "<input>"
                      span:
                        start: 223
                        end: 230
                        file: "<input>"
                tail_expr: ~
                span:
                  start: 89
                  end: 244
                  file: "<input>"
              span:
                start: 77
                end: 244
                file: "<input>"
        tail_expr: ~
        span:
          start: 28
          end: 254
          file: "<input>"
      span:
        start: 9
        end: 254
        file: "<input>"
