---
source: crates/atlas-runtime/tests/frontend_syntax/lexer.rs
assertion_line: 222
expression: diagnostics
---
- diag_version: 1
  level: error
  code: AT1001
  message: "Unexpected character '$'"
  file: tests/errors/unexpected_char.atl
  line: 3
  column: 9
  length: 1
  snippet: let y = $100;
  label: lexer error
- diag_version: 1
  level: error
  code: AT1001
  message: "Unexpected character '#'"
  file: tests/errors/unexpected_char.atl
  line: 4
  column: 9
  length: 1
  snippet: "let z = #tag;"
  label: lexer error
