---
source: crates/atlas-runtime/tests/frontend_syntax/parser_basics.rs
expression: program
---
items:
  - Statement:
      Expr:
        expr:
          Binary:
            op: Div
            left:
              Literal:
                - Number: 10
                - start: 0
                  end: 2
                  file: "<input>"
            right:
              Literal:
                - Number: 2
                - start: 5
                  end: 6
                  file: "<input>"
            span:
              start: 0
              end: 6
              file: "<input>"
        span:
          start: 0
          end: 7
          file: "<input>"
