---
source: crates/atlas-runtime/tests/frontend_syntax/parser_errors.rs
assertion_line: 139
expression: program
---
items:
  - Function:
      name:
        name: outer
        span:
          start: 12
          end: 17
          file: "<input>"
      attributes: []
      is_async: false
      type_params: []
      params: []
      return_type:
        Named:
          - number
          - start: 23
            end: 29
            file: "<input>"
      return_ownership: ~
      predicate: ~
      body:
        statements:
          - FunctionDecl:
              name:
                name: add
                span:
                  start: 47
                  end: 50
                  file: "<input>"
              attributes: []
              is_async: false
              type_params: []
              params:
                - name:
                    name: a
                    span:
                      start: 58
                      end: 59
                      file: "<input>"
                  type_ref:
                    Named:
                      - number
                      - start: 61
                        end: 67
                        file: "<input>"
                  ownership: Borrow
                  ownership_explicit: true
                  mutable: false
                  span:
                    start: 51
                    end: 67
                    file: "<input>"
                - name:
                    name: b
                    span:
                      start: 76
                      end: 77
                      file: "<input>"
                  type_ref:
                    Named:
                      - number
                      - start: 79
                        end: 85
                        file: "<input>"
                  ownership: Borrow
                  ownership_explicit: true
                  mutable: false
                  span:
                    start: 69
                    end: 85
                    file: "<input>"
              return_type:
                Named:
                  - number
                  - start: 90
                    end: 96
                    file: "<input>"
              return_ownership: ~
              predicate: ~
              body:
                statements:
                  - Return:
                      value:
                        Binary:
                          op: Add
                          left:
                            Identifier:
                              name: a
                              span:
                                start: 122
                                end: 123
                                file: "<input>"
                          right:
                            Identifier:
                              name: b
                              span:
                                start: 126
                                end: 127
                                file: "<input>"
                          span:
                            start: 122
                            end: 127
                            file: "<input>"
                      span:
                        start: 115
                        end: 128
                        file: "<input>"
                tail_expr: ~
                span:
                  start: 97
                  end: 142
                  file: "<input>"
              span:
                start: 44
                end: 142
                file: "<input>"
          - FunctionDecl:
              name:
                name: multiply
                span:
                  start: 158
                  end: 166
                  file: "<input>"
              attributes: []
              is_async: false
              type_params: []
              params:
                - name:
                    name: a
                    span:
                      start: 174
                      end: 175
                      file: "<input>"
                  type_ref:
                    Named:
                      - number
                      - start: 177
                        end: 183
                        file: "<input>"
                  ownership: Borrow
                  ownership_explicit: true
                  mutable: false
                  span:
                    start: 167
                    end: 183
                    file: "<input>"
                - name:
                    name: b
                    span:
                      start: 192
                      end: 193
                      file: "<input>"
                  type_ref:
                    Named:
                      - number
                      - start: 195
                        end: 201
                        file: "<input>"
                  ownership: Borrow
                  ownership_explicit: true
                  mutable: false
                  span:
                    start: 185
                    end: 201
                    file: "<input>"
              return_type:
                Named:
                  - number
                  - start: 206
                    end: 212
                    file: "<input>"
              return_ownership: ~
              predicate: ~
              body:
                statements:
                  - Return:
                      value:
                        Binary:
                          op: Mul
                          left:
                            Identifier:
                              name: a
                              span:
                                start: 238
                                end: 239
                                file: "<input>"
                          right:
                            Identifier:
                              name: b
                              span:
                                start: 242
                                end: 243
                                file: "<input>"
                          span:
                            start: 238
                            end: 243
                            file: "<input>"
                      span:
                        start: 231
                        end: 244
                        file: "<input>"
                tail_expr: ~
                span:
                  start: 213
                  end: 258
                  file: "<input>"
              span:
                start: 155
                end: 258
                file: "<input>"
          - Return:
              value:
                Call:
                  callee:
                    Identifier:
                      name: add
                      span:
                        start: 278
                        end: 281
                        file: "<input>"
                  args:
                    - Literal:
                        - Number: 2
                        - start: 282
                          end: 283
                          file: "<input>"
                    - Call:
                        callee:
                          Identifier:
                            name: multiply
                            span:
                              start: 285
                              end: 293
                              file: "<input>"
                        args:
                          - Literal:
                              - Number: 3
                              - start: 294
                                end: 295
                                file: "<input>"
                          - Literal:
                              - Number: 4
                              - start: 297
                                end: 298
                                file: "<input>"
                        span:
                          start: 285
                          end: 299
                          file: "<input>"
                  span:
                    start: 278
                    end: 300
                    file: "<input>"
              span:
                start: 271
                end: 301
                file: "<input>"
        tail_expr: ~
        span:
          start: 30
          end: 311
          file: "<input>"
      span:
        start: 9
        end: 311
        file: "<input>"
