---
source: crates/atlas-runtime/tests/frontend_syntax/parser_errors.rs
assertion_line: 171
expression: program
---
items:
  - Function:
      name:
        name: outer
        span:
          start: 12
          end: 17
          file: "<input>"
      visibility: Private
      attributes: []
      is_async: false
      type_params:
        - name: T
          trait_bounds: []
          span:
            start: 18
            end: 19
            file: "<input>"
      params: []
      return_type:
        Named:
          - void
          - start: 24
            end: 28
            file: "<input>"
      return_ownership: ~
      predicate: ~
      body:
        statements:
          - FunctionDecl:
              name:
                name: inner
                span:
                  start: 46
                  end: 51
                  file: "<input>"
              visibility: Private
              attributes: []
              is_async: false
              type_params:
                - name: E
                  trait_bounds: []
                  span:
                    start: 52
                    end: 53
                    file: "<input>"
              params:
                - name:
                    name: x
                    span:
                      start: 62
                      end: 63
                      file: "<input>"
                  type_ref:
                    Named:
                      - E
                      - start: 65
                        end: 66
                        file: "<input>"
                  ownership: Borrow
                  ownership_explicit: true
                  mutable: false
                  default_value: ~
                  is_rest: false
                  span:
                    start: 55
                    end: 66
                    file: "<input>"
              return_type:
                Named:
                  - E
                  - start: 69
                    end: 70
                    file: "<input>"
              return_ownership: ~
              predicate: ~
              body:
                statements:
                  - Return:
                      value:
                        Identifier:
                          name: x
                          span:
                            start: 96
                            end: 97
                            file: "<input>"
                      span:
                        start: 89
                        end: 98
                        file: "<input>"
                tail_expr: ~
                span:
                  start: 71
                  end: 112
                  file: "<input>"
              span:
                start: 43
                end: 112
                file: "<input>"
        tail_expr: ~
        span:
          start: 29
          end: 122
          file: "<input>"
      span:
        start: 9
        end: 122
        file: "<input>"
