---
source: crates/atlas-runtime/tests/frontend_syntax/parser_control_flow.rs
expression: program
---
items:
  - Statement:
      While:
        cond:
          Literal:
            - Bool: true
            - start: 7
              end: 11
              file: "<input>"
        body:
          statements:
            - Expr:
                expr:
                  Identifier:
                    name: x
                    span:
                      start: 15
                      end: 16
                      file: "<input>"
                span:
                  start: 15
                  end: 17
                  file: "<input>"
          tail_expr: ~
          span:
            start: 13
            end: 19
            file: "<input>"
        span:
          start: 0
          end: 19
          file: "<input>"
