---
source: crates/atlas-runtime/tests/frontend_syntax/parser_basics.rs
assertion_line: 185
expression: program
---
items:
  - Function:
      name:
        name: factorial
        span:
          start: 4
          end: 13
          file: "<input>"
      attributes: []
      is_async: false
      type_params: []
      params:
        - name:
            name: n
            span:
              start: 21
              end: 22
              file: "<input>"
          type_ref:
            Named:
              - number
              - start: 24
                end: 30
                file: "<input>"
          ownership: Borrow
          ownership_explicit: true
          mutable: false
          span:
            start: 14
            end: 30
            file: "<input>"
      return_type:
        Named:
          - number
          - start: 35
            end: 41
            file: "<input>"
      return_ownership: ~
      predicate: ~
      body:
        statements:
          - If:
              cond:
                Binary:
                  op: Le
                  left:
                    Identifier:
                      name: n
                      span:
                        start: 51
                        end: 52
                        file: "<input>"
                  right:
                    Literal:
                      - Number: 1
                      - start: 56
                        end: 57
                        file: "<input>"
                  span:
                    start: 51
                    end: 57
                    file: "<input>"
              then_block:
                statements:
                  - Return:
                      value:
                        Literal:
                          - Number: 1
                          - start: 75
                            end: 76
                            file: "<input>"
                      span:
                        start: 68
                        end: 77
                        file: "<input>"
                tail_expr: ~
                span:
                  start: 58
                  end: 83
                  file: "<input>"
              else_block:
                statements:
                  - Return:
                      value:
                        Binary:
                          op: Mul
                          left:
                            Identifier:
                              name: n
                              span:
                                start: 106
                                end: 107
                                file: "<input>"
                          right:
                            Call:
                              callee:
                                Identifier:
                                  name: factorial
                                  span:
                                    start: 110
                                    end: 119
                                    file: "<input>"
                              args:
                                - Binary:
                                    op: Sub
                                    left:
                                      Identifier:
                                        name: n
                                        span:
                                          start: 120
                                          end: 121
                                          file: "<input>"
                                    right:
                                      Literal:
                                        - Number: 1
                                        - start: 124
                                          end: 125
                                          file: "<input>"
                                    span:
                                      start: 120
                                      end: 125
                                      file: "<input>"
                              span:
                                start: 110
                                end: 126
                                file: "<input>"
                          span:
                            start: 106
                            end: 126
                            file: "<input>"
                      span:
                        start: 99
                        end: 127
                        file: "<input>"
                tail_expr: ~
                span:
                  start: 89
                  end: 133
                  file: "<input>"
              span:
                start: 48
                end: 133
                file: "<input>"
        tail_expr: ~
        span:
          start: 42
          end: 135
          file: "<input>"
      span:
        start: 1
        end: 135
        file: "<input>"
