---
source: crates/atlas-runtime/tests/frontend_syntax/lexer.rs
assertion_line: 222
expression: diagnostics
---
- diag_version: 1
  level: error
  code: AT1004
  message: unterminated block comment
  file: tests/errors/unterminated_comment.atl
  line: 3
  column: 11
  length: 43
  snippet: /* This comment never closes
  label: comment starts here
  help:
    - "add `*/` to close the block comment"
