---
source: crates/atlas-runtime/tests/frontend_syntax/parser_basics.rs
assertion_line: 168
expression: program
---
items:
  - Function:
      name:
        name: add
        span:
          start: 3
          end: 6
          file: "<input>"
      visibility: Private
      attributes: []
      is_async: false
      type_params: []
      params:
        - name:
            name: x
            span:
              start: 14
              end: 15
              file: "<input>"
          type_ref:
            Named:
              - number
              - start: 17
                end: 23
                file: "<input>"
          ownership: Borrow
          ownership_explicit: true
          mutable: false
          default_value: ~
          is_rest: false
          span:
            start: 7
            end: 23
            file: "<input>"
        - name:
            name: y
            span:
              start: 32
              end: 33
              file: "<input>"
          type_ref:
            Named:
              - number
              - start: 35
                end: 41
                file: "<input>"
          ownership: Borrow
          ownership_explicit: true
          mutable: false
          default_value: ~
          is_rest: false
          span:
            start: 25
            end: 41
            file: "<input>"
      return_type:
        Named:
          - number
          - start: 44
            end: 50
            file: "<input>"
      return_ownership: ~
      predicate: ~
      body:
        statements:
          - Return:
              value:
                Binary:
                  op: Add
                  left:
                    Identifier:
                      name: x
                      span:
                        start: 60
                        end: 61
                        file: "<input>"
                  right:
                    Identifier:
                      name: y
                      span:
                        start: 64
                        end: 65
                        file: "<input>"
                  span:
                    start: 60
                    end: 65
                    file: "<input>"
              span:
                start: 53
                end: 66
                file: "<input>"
        tail_expr: ~
        span:
          start: 51
          end: 68
          file: "<input>"
      span:
        start: 0
        end: 68
        file: "<input>"
