---
source: crates/atlas-cli/tests/ast_dump_tests.rs
expression: json
---
{
  "ast_version": 4,
  "items": [
    {
      "Statement": {
        "VarDecl": {
          "mutable": false,
          "uses_deprecated_var": false,
          "name": {
            "name": "x",
            "span": {
              "start": 4,
              "end": 5,
              "file": "<test>"
            }
          },
          "type_ref": {
            "Named": [
              "number",
              {
                "start": 7,
                "end": 13,
                "file": "<test>"
              }
            ]
          },
          "init": {
            "Binary": {
              "op": "Add",
              "left": {
                "Literal": [
                  {
                    "Number": 1.0
                  },
                  {
                    "start": 16,
                    "end": 17,
                    "file": "<test>"
                  }
                ]
              },
              "right": {
                "Binary": {
                  "op": "Mul",
                  "left": {
                    "Literal": [
                      {
                        "Number": 2.0
                      },
                      {
                        "start": 20,
                        "end": 21,
                        "file": "<test>"
                      }
                    ]
                  },
                  "right": {
                    "Literal": [
                      {
                        "Number": 3.0
                      },
                      {
                        "start": 24,
                        "end": 25,
                        "file": "<test>"
                      }
                    ]
                  },
                  "span": {
                    "start": 20,
                    "end": 25,
                    "file": "<test>"
                  }
                }
              },
              "span": {
                "start": 16,
                "end": 25,
                "file": "<test>"
              }
            }
          },
          "span": {
            "start": 0,
            "end": 26,
            "file": "<test>"
          }
        }
      }
    }
  ]
}
