---
source: crates/atlas-cli/tests/ast_dump_tests.rs
expression: json
---
{
  "ast_version": 5,
  "items": [
    {
      "Function": {
        "name": {
          "name": "add",
          "span": {
            "start": 4,
            "end": 7,
            "file": "<test>"
          }
        },
        "attributes": [],
        "is_async": false,
        "type_params": [],
        "params": [
          {
            "name": {
              "name": "a",
              "span": {
                "start": 15,
                "end": 16,
                "file": "<test>"
              }
            },
            "type_ref": {
              "Named": [
                "number",
                {
                  "start": 18,
                  "end": 24,
                  "file": "<test>"
                }
              ]
            },
            "ownership": "Borrow",
            "mutable": false,
            "span": {
              "start": 8,
              "end": 24,
              "file": "<test>"
            }
          },
          {
            "name": {
              "name": "b",
              "span": {
                "start": 33,
                "end": 34,
                "file": "<test>"
              }
            },
            "type_ref": {
              "Named": [
                "number",
                {
                  "start": 36,
                  "end": 42,
                  "file": "<test>"
                }
              ]
            },
            "ownership": "Borrow",
            "mutable": false,
            "span": {
              "start": 26,
              "end": 42,
              "file": "<test>"
            }
          }
        ],
        "return_type": {
          "Named": [
            "number",
            {
              "start": 47,
              "end": 53,
              "file": "<test>"
            }
          ]
        },
        "return_ownership": null,
        "predicate": null,
        "body": {
          "statements": [
            {
              "Return": {
                "value": {
                  "Binary": {
                    "op": "Add",
                    "left": {
                      "Identifier": {
                        "name": "a",
                        "span": {
                          "start": 67,
                          "end": 68,
                          "file": "<test>"
                        }
                      }
                    },
                    "right": {
                      "Identifier": {
                        "name": "b",
                        "span": {
                          "start": 71,
                          "end": 72,
                          "file": "<test>"
                        }
                      }
                    },
                    "span": {
                      "start": 67,
                      "end": 72,
                      "file": "<test>"
                    }
                  }
                },
                "span": {
                  "start": 60,
                  "end": 73,
                  "file": "<test>"
                }
              }
            }
          ],
          "tail_expr": null,
          "span": {
            "start": 54,
            "end": 75,
            "file": "<test>"
          }
        },
        "span": {
          "start": 1,
          "end": 75,
          "file": "<test>"
        }
      }
    }
  ]
}
