---
source: crates/atlas-cli/tests/ast_dump_tests.rs
expression: json
---
{
  "ast_version": 3,
  "items": [
    {
      "Function": {
        "name": {
          "name": "add",
          "span": {
            "start": 4,
            "end": 7,
            "file": "<test>"
          }
        },
        "type_params": [],
        "params": [
          {
            "name": {
              "name": "a",
              "span": {
                "start": 8,
                "end": 9,
                "file": "<test>"
              }
            },
            "type_ref": {
              "Named": [
                "number",
                {
                  "start": 11,
                  "end": 17,
                  "file": "<test>"
                }
              ]
            },
            "ownership": null,
            "span": {
              "start": 8,
              "end": 17,
              "file": "<test>"
            }
          },
          {
            "name": {
              "name": "b",
              "span": {
                "start": 19,
                "end": 20,
                "file": "<test>"
              }
            },
            "type_ref": {
              "Named": [
                "number",
                {
                  "start": 22,
                  "end": 28,
                  "file": "<test>"
                }
              ]
            },
            "ownership": null,
            "span": {
              "start": 19,
              "end": 28,
              "file": "<test>"
            }
          }
        ],
        "return_type": {
          "Named": [
            "number",
            {
              "start": 33,
              "end": 39,
              "file": "<test>"
            }
          ]
        },
        "return_ownership": null,
        "predicate": null,
        "body": {
          "statements": [
            {
              "Return": {
                "value": {
                  "Binary": {
                    "op": "Add",
                    "left": {
                      "Identifier": {
                        "name": "a",
                        "span": {
                          "start": 53,
                          "end": 54,
                          "file": "<test>"
                        }
                      }
                    },
                    "right": {
                      "Identifier": {
                        "name": "b",
                        "span": {
                          "start": 57,
                          "end": 58,
                          "file": "<test>"
                        }
                      }
                    },
                    "span": {
                      "start": 53,
                      "end": 58,
                      "file": "<test>"
                    }
                  }
                },
                "span": {
                  "start": 46,
                  "end": 59,
                  "file": "<test>"
                }
              }
            }
          ],
          "tail_expr": null,
          "span": {
            "start": 40,
            "end": 61,
            "file": "<test>"
          }
        },
        "span": {
          "start": 1,
          "end": 61,
          "file": "<test>"
        }
      }
    }
  ]
}
