---
source: crates/atlas-cli/tests/ast_dump_tests.rs
expression: json
---
{
  "ast_version": 3,
  "items": [
    {
      "Statement": {
        "If": {
          "cond": {
            "Literal": [
              {
                "Bool": true
              },
              {
                "start": 5,
                "end": 9,
                "file": "<test>"
              }
            ]
          },
          "then_block": {
            "statements": [
              {
                "VarDecl": {
                  "mutable": false,
                  "uses_deprecated_var": false,
                  "name": {
                    "name": "x",
                    "span": {
                      "start": 21,
                      "end": 22,
                      "file": "<test>"
                    }
                  },
                  "type_ref": {
                    "Named": [
                      "number",
                      {
                        "start": 24,
                        "end": 30,
                        "file": "<test>"
                      }
                    ]
                  },
                  "init": {
                    "Literal": [
                      {
                        "Number": 1.0
                      },
                      {
                        "start": 33,
                        "end": 34,
                        "file": "<test>"
                      }
                    ]
                  },
                  "span": {
                    "start": 17,
                    "end": 35,
                    "file": "<test>"
                  }
                }
              }
            ],
            "tail_expr": null,
            "span": {
              "start": 11,
              "end": 37,
              "file": "<test>"
            }
          },
          "else_block": null,
          "span": {
            "start": 1,
            "end": 37,
            "file": "<test>"
          }
        }
      }
    }
  ]
}
