---
source: crates/atlas-cli/tests/ast_dump_tests.rs
expression: json
---
{
  "ast_version": 5,
  "items": [
    {
      "Function": {
        "name": {
          "name": "greet",
          "span": {
            "start": 4,
            "end": 9,
            "file": "<test>"
          }
        },
        "attributes": [],
        "is_async": false,
        "type_params": [],
        "params": [
          {
            "name": {
              "name": "name",
              "span": {
                "start": 17,
                "end": 21,
                "file": "<test>"
              }
            },
            "type_ref": {
              "Named": [
                "string",
                {
                  "start": 23,
                  "end": 29,
                  "file": "<test>"
                }
              ]
            },
            "ownership": "Borrow",
            "mutable": false,
            "span": {
              "start": 10,
              "end": 29,
              "file": "<test>"
            }
          }
        ],
        "return_type": {
          "Named": [
            "string",
            {
              "start": 34,
              "end": 40,
              "file": "<test>"
            }
          ]
        },
        "return_ownership": null,
        "predicate": null,
        "body": {
          "statements": [
            {
              "Return": {
                "value": {
                  "Identifier": {
                    "name": "name",
                    "span": {
                      "start": 54,
                      "end": 58,
                      "file": "<test>"
                    }
                  }
                },
                "span": {
                  "start": 47,
                  "end": 59,
                  "file": "<test>"
                }
              }
            }
          ],
          "tail_expr": null,
          "span": {
            "start": 41,
            "end": 61,
            "file": "<test>"
          }
        },
        "span": {
          "start": 1,
          "end": 61,
          "file": "<test>"
        }
      }
    },
    {
      "Statement": {
        "VarDecl": {
          "mutable": false,
          "uses_deprecated_var": false,
          "name": {
            "name": "msg",
            "span": {
              "start": 66,
              "end": 69,
              "file": "<test>"
            }
          },
          "type_ref": {
            "Named": [
              "string",
              {
                "start": 71,
                "end": 77,
                "file": "<test>"
              }
            ]
          },
          "init": {
            "Call": {
              "callee": {
                "Identifier": {
                  "name": "greet",
                  "span": {
                    "start": 80,
                    "end": 85,
                    "file": "<test>"
                  }
                }
              },
              "args": [
                {
                  "Literal": [
                    {
                      "String": "world"
                    },
                    {
                      "start": 86,
                      "end": 93,
                      "file": "<test>"
                    }
                  ]
                }
              ],
              "span": {
                "start": 80,
                "end": 94,
                "file": "<test>"
              }
            }
          },
          "span": {
            "start": 62,
            "end": 95,
            "file": "<test>"
          }
        }
      }
    }
  ]
}
