---
source: crates/atlas-cli/tests/ast_dump_tests.rs
assertion_line: 37
expression: json
---
{
  "ast_version": 5,
  "items": [
    {
      "Statement": {
        "VarDecl": {
          "mutable": false,
          "uses_deprecated_var": false,
          "name": {
            "name": "x",
            "span": {
              "start": 4,
              "end": 5,
              "file": "<test>"
            }
          },
          "type_ref": {
            "Named": [
              "number",
              {
                "start": 7,
                "end": 13,
                "file": "<test>"
              }
            ]
          },
          "init": {
            "Literal": [
              {
                "Number": 42.0
              },
              {
                "start": 16,
                "end": 18,
                "file": "<test>"
              }
            ]
          },
          "span": {
            "start": 0,
            "end": 19,
            "file": "<test>"
          }
        }
      }
    }
  ]
}
