---
source: crates/atlas-runtime/tests/interpreter/assignment.rs
expression: "program.items[0]"
---
Statement:
  Assign:
    target:
      Index:
        target:
          Identifier:
            name: arr
            span:
              start: 0
              end: 3
              file: "<input>"
        index:
          Binary:
            op: Add
            left:
              Identifier:
                name: i
                span:
                  start: 4
                  end: 5
                  file: "<input>"
            right:
              Literal:
                - Number: 1
                - start: 8
                  end: 9
                  file: "<input>"
            span:
              start: 4
              end: 9
              file: "<input>"
        span:
          start: 0
          end: 10
          file: "<input>"
    value:
      Literal:
        - Number: 99
        - start: 13
          end: 15
          file: "<input>"
    span:
      start: 0
      end: 16
      file: "<input>"
